------------------------------------------------------------
Timing Analyzer Summary
------------------------------------------------------------

Type  : Slow 1100mV 85C Model Setup 'readEnable'
Slack : -6.711
TNS   : -26.803

Type  : Slow 1100mV 85C Model Hold 'readEnable'
Slack : 1.099
TNS   : 0.000

Type  : Slow 1100mV 85C Model Minimum Pulse Width 'readEnable'
Slack : -0.538
TNS   : -3.728

Type  : Slow 1100mV 85C Model Minimum Pulse Width 'writeEnable'
Slack : -0.538
TNS   : -3.226

Type  : Slow 1100mV 0C Model Setup 'readEnable'
Slack : -6.468
TNS   : -25.825

Type  : Slow 1100mV 0C Model Hold 'readEnable'
Slack : 0.842
TNS   : 0.000

Type  : Slow 1100mV 0C Model Minimum Pulse Width 'readEnable'
Slack : -0.538
TNS   : -3.364

Type  : Slow 1100mV 0C Model Minimum Pulse Width 'writeEnable'
Slack : -0.538
TNS   : -3.176

Type  : Fast 1100mV 85C Model Setup 'readEnable'
Slack : -3.385
TNS   : -13.186

Type  : Fast 1100mV 85C Model Hold 'readEnable'
Slack : 0.848
TNS   : 0.000

Type  : Fast 1100mV 85C Model Minimum Pulse Width 'readEnable'
Slack : -0.363
TNS   : -1.748

Type  : Fast 1100mV 85C Model Minimum Pulse Width 'writeEnable'
Slack : -0.287
TNS   : -1.259

Type  : Fast 1100mV 0C Model Setup 'readEnable'
Slack : -2.936
TNS   : -11.542

Type  : Fast 1100mV 0C Model Hold 'readEnable'
Slack : 0.594
TNS   : 0.000

Type  : Fast 1100mV 0C Model Minimum Pulse Width 'readEnable'
Slack : -0.325
TNS   : -1.486

Type  : Fast 1100mV 0C Model Minimum Pulse Width 'writeEnable'
Slack : -0.290
TNS   : -1.284

------------------------------------------------------------
