------------------------------------------------------------
Timing Analyzer Summary
------------------------------------------------------------

Type  : Slow 1100mV 85C Model Setup 'clk'
Slack : -5.748
TNS   : -134.563

Type  : Slow 1100mV 85C Model Setup 'timer'
Slack : -1.257
TNS   : -7.894

Type  : Slow 1100mV 85C Model Hold 'clk'
Slack : 0.439
TNS   : 0.000

Type  : Slow 1100mV 85C Model Hold 'timer'
Slack : 0.794
TNS   : 0.000

Type  : Slow 1100mV 85C Model Minimum Pulse Width 'clk'
Slack : -0.538
TNS   : -36.456

Type  : Slow 1100mV 85C Model Minimum Pulse Width 'timer'
Slack : -0.538
TNS   : -5.388

Type  : Slow 1100mV 0C Model Setup 'clk'
Slack : -5.918
TNS   : -133.947

Type  : Slow 1100mV 0C Model Setup 'timer'
Slack : -1.267
TNS   : -7.952

Type  : Slow 1100mV 0C Model Hold 'clk'
Slack : 0.446
TNS   : 0.000

Type  : Slow 1100mV 0C Model Hold 'timer'
Slack : 0.752
TNS   : 0.000

Type  : Slow 1100mV 0C Model Minimum Pulse Width 'clk'
Slack : -0.538
TNS   : -37.735

Type  : Slow 1100mV 0C Model Minimum Pulse Width 'timer'
Slack : -0.538
TNS   : -5.403

Type  : Fast 1100mV 85C Model Setup 'clk'
Slack : -3.154
TNS   : -46.530

Type  : Fast 1100mV 85C Model Setup 'timer'
Slack : -0.484
TNS   : -2.259

Type  : Fast 1100mV 85C Model Hold 'clk'
Slack : 0.201
TNS   : 0.000

Type  : Fast 1100mV 85C Model Hold 'timer'
Slack : 0.333
TNS   : 0.000

Type  : Fast 1100mV 85C Model Minimum Pulse Width 'clk'
Slack : -0.495
TNS   : -4.924

Type  : Fast 1100mV 85C Model Minimum Pulse Width 'timer'
Slack : 0.152
TNS   : 0.000

Type  : Fast 1100mV 0C Model Setup 'clk'
Slack : -2.830
TNS   : -40.096

Type  : Fast 1100mV 0C Model Setup 'timer'
Slack : -0.382
TNS   : -1.755

Type  : Fast 1100mV 0C Model Hold 'clk'
Slack : 0.188
TNS   : 0.000

Type  : Fast 1100mV 0C Model Hold 'timer'
Slack : 0.291
TNS   : 0.000

Type  : Fast 1100mV 0C Model Minimum Pulse Width 'clk'
Slack : -0.473
TNS   : -4.896

Type  : Fast 1100mV 0C Model Minimum Pulse Width 'timer'
Slack : 0.148
TNS   : 0.000

------------------------------------------------------------
