------------------------------------------------------------
Timing Analyzer Summary
------------------------------------------------------------

Type  : Slow 1100mV 85C Model Setup 'btn0'
Slack : 0.159
TNS   : 0.000

Type  : Slow 1100mV 85C Model Hold 'btn0'
Slack : 0.248
TNS   : 0.000

Type  : Slow 1100mV 85C Model Minimum Pulse Width 'btn0'
Slack : -0.538
TNS   : -4.613

Type  : Slow 1100mV 0C Model Setup 'btn0'
Slack : 0.155
TNS   : 0.000

Type  : Slow 1100mV 0C Model Hold 'btn0'
Slack : 0.232
TNS   : 0.000

Type  : Slow 1100mV 0C Model Minimum Pulse Width 'btn0'
Slack : -0.538
TNS   : -4.152

Type  : Fast 1100mV 85C Model Setup 'btn0'
Slack : 0.561
TNS   : 0.000

Type  : Fast 1100mV 85C Model Hold 'btn0'
Slack : 0.130
TNS   : 0.000

Type  : Fast 1100mV 85C Model Minimum Pulse Width 'btn0'
Slack : -0.362
TNS   : -2.115

Type  : Fast 1100mV 0C Model Setup 'btn0'
Slack : 0.583
TNS   : 0.000

Type  : Fast 1100mV 0C Model Hold 'btn0'
Slack : 0.116
TNS   : 0.000

Type  : Fast 1100mV 0C Model Minimum Pulse Width 'btn0'
Slack : -0.325
TNS   : -1.806

------------------------------------------------------------
